┌──────┬──────────────────────────────────┬────────────────────────────────────┐
│ id   │ httpHeaderProfiles               │ httpHeaderActionProfiles           │
├──────┼──────────────────────────────────┼────────────────────────────────────┤
│ 9102 │ map[id:501 name:Request profile] │ map[id:502 name:Insertion profile] │
└──────┴──────────────────────────────────┴────────────────────────────────────┘
