┌────┬───────────┬──────────────┬───────────────────────────┬──────────┬─────────┬───────┬────┬──────────┬─────────┬─────────────┬─────────────┬───────┬──────────────┬──────────────────┬───────────────────┬──────────────┬────────────────┬────────────────────┬───────────────────┬─────────────┬─────────────────────────────────────┬───────────────────┬───────────────────────────────┬────────────┬────────────┬────────────┬────────────────┬───────────────────────────────┬───────────────────────┬──────────────────┬─────────────────────┬─────────────────────┬─────────────────┬─────────────┬─────────────┬───────────────────────┬────────────────────┬─────────────────┬──────────┬────────────────┬─────────────┬────────────────────┬─────────────┬───────────────────┬──────────────┬──────────────────┬───────────────────┬────────────┬───────────────────────┬──────────────────────┬────────────────────┬─────────────┐
│ id │ name      │ ipAddresses  │ description               │ parentId │ country │ state │ tz │ language │ profile │ upBandwidth │ dnBandwidth │ ports │ authRequired │ basicAuthEnabled │ digestAuthEnabled │ kerberosAuth │ sslScanEnabled │ zappSSLScanEnabled │ xffForwardEnabled │ surrogateIP │ surrogateIPEnforcedForKnownBrowsers │ idleTimeInMinutes │ surrogateRefreshTimeInMinutes │ ofwEnabled │ ipsControl │ aupEnabled │ cautionEnabled │ aupBlockInternetUntilAccepted │ aupForceSslInspection │ aupTimeoutInDays │ iotDiscoveryEnabled │ iotEnforcePolicySet │ cookiesAndProxy │ geoOverride │ ipv6Enabled │ defaultExtranetTsPool │ defaultExtranetDns │ ipv6Dns64Prefix │ extranet │ extranetIpPool │ extranetDns │ subLocScopeEnabled │ subLocScope │ subLocScopeValues │ subLocAccIds │ otherSubLocation │ other6SubLocation │ ecLocation │ dynamiclocationGroups │ staticLocationGroups │ virtualZenClusters │ virtualZens │
├────┼───────────┼──────────────┼───────────────────────────┼──────────┼─────────┼───────┼────┼──────────┼─────────┼─────────────┼─────────────┼───────┼──────────────┼──────────────────┼───────────────────┼──────────────┼────────────────┼────────────────────┼───────────────────┼─────────────┼─────────────────────────────────────┼───────────────────┼───────────────────────────────┼────────────┼────────────┼────────────┼────────────────┼───────────────────────────────┼───────────────────────┼──────────────────┼─────────────────────┼─────────────────────┼─────────────────┼─────────────┼─────────────┼───────────────────────┼────────────────────┼─────────────────┼──────────┼────────────────┼─────────────┼────────────────────┼─────────────┼───────────────────┼──────────────┼──────────────────┼───────────────────┼────────────┼───────────────────────┼──────────────────────┼────────────────────┼─────────────┤
│ 42 │ GetResult │ 2001:db8::42 │ get psk=<REDACTED:SECRET> │          │ US      │       │    │          │         │             │             │       │              │                  │                   │              │                │                    │                   │             │                                     │                   │                               │            │            │            │                │                               │                       │                  │                     │                     │                 │             │             │                       │                    │                 │          │                │             │                    │             │                   │              │                  │                   │            │                       │                      │                    │             │
└────┴───────────┴──────────────┴───────────────────────────┴──────────┴─────────┴───────┴────┴──────────┴─────────┴─────────────┴─────────────┴───────┴──────────────┴──────────────────┴───────────────────┴──────────────┴────────────────┴────────────────────┴───────────────────┴─────────────┴─────────────────────────────────────┴───────────────────┴───────────────────────────────┴────────────┴────────────┴────────────┴────────────────┴───────────────────────────────┴───────────────────────┴──────────────────┴─────────────────────┴─────────────────────┴─────────────────┴─────────────┴─────────────┴───────────────────────┴────────────────────┴─────────────────┴──────────┴────────────────┴─────────────┴────────────────────┴─────────────┴───────────────────┴──────────────┴──────────────────┴───────────────────┴────────────┴───────────────────────┴──────────────────────┴────────────────────┴─────────────┘
