id	name	ipAddresses	description	parentId	country	state	tz	language	profile	upBandwidth	dnBandwidth	ports	authRequired	basicAuthEnabled	digestAuthEnabled	kerberosAuth	sslScanEnabled	zappSSLScanEnabled	xffForwardEnabled	surrogateIP	surrogateIPEnforcedForKnownBrowsers	idleTimeInMinutes	surrogateRefreshTimeInMinutes	ofwEnabled	ipsControl	aupEnabled	cautionEnabled	aupBlockInternetUntilAccepted	aupForceSslInspection	aupTimeoutInDays	iotDiscoveryEnabled	iotEnforcePolicySet	cookiesAndProxy	geoOverride	ipv6Enabled	defaultExtranetTsPool	defaultExtranetDns	ipv6Dns64Prefix	extranet	extranetIpPool	extranetDns	subLocScopeEnabled	subLocScope	subLocScopeValues	subLocAccIds	otherSubLocation	other6SubLocation	ecLocation	dynamiclocationGroups	staticLocationGroups	virtualZenClusters	virtualZens
123	HQ	2001:db8::10,2001:db8::11	temporary psk=<REDACTED:SECRET> <REDACTED:SECRET>		US		America/New_York						true																																							
456	Branch	2001:db8::20	ordinary branch		US		America/Chicago						false																																							
