┌──────┬──────────────┬───────────────┬──────────────────────────────┬────────────────────────────────────────────────────────────────────────────────────────────┬─────────────────────────────────────────┐
│ id   │ isEunEnabled │ eunTemplateId │ excludeContextShieldEndPoint │ endPointApplications                                                                       │ endPointApplicationGroups               │
├──────┼──────────────┼───────────────┼──────────────────────────────┼────────────────────────────────────────────────────────────────────────────────────────────┼─────────────────────────────────────────┤
│ 9104 │ true         │ 772           │ true                         │ map[applicationName:Managed Browser applicationType:BROWSER osType:WINDOWS resourceId:901] │ map[groupId:902 name:Approved Browsers] │
└──────┴──────────────┴───────────────┴──────────────────────────────┴────────────────────────────────────────────────────────────────────────────────────────────┴─────────────────────────────────────────┘
